// Jest Snapshot v1, https://goo.gl/fbAQLP

exports[`<Cart/> render and match the snapshot 1`] = `
<header>
  <CloseButton
    onClick={[Function]}
    title="close"
  >
    <button
      className="CloseButton-s1seb878-0 dTUdCf"
      onClick={[Function]}
      title="close"
    >
      Ã—
    </button>
  </CloseButton>
  <Supreme>
    <h3
      className="Supreme-xv30qb-0 hpaXsq"
    >
      Miss Coleman Berge
      's Cart
    </h3>
  </Supreme>
  <p>
    You Have 
    1
     Item
     in your cart.
  </p>
</header>
`;
