// Jest Snapshot v1, https://goo.gl/fbAQLP

exports[`<SingleItem /> Errors with a not found item 1`] = `
<p
  data-test="graphql-error"
>
  <strong>
    Shoot!
  </strong>
   Items not Found
</p>
`;

exports[`<SingleItem /> renders with the proper data  1`] = `
<h2>
  Viewing 
  dogs are best
</h2>
`;

exports[`<SingleItem /> renders with the proper data  2`] = `
<img
  alt="dogs are best"
  src="dog.jpg"
/>
`;

exports[`<SingleItem /> renders with the proper data  3`] = `
<p>
  dogs
</p>
`;
